// Vitest Snapshot v1, https://vitest.dev/guide/snapshot.html

exports[`fetch auth user > should return a user 1`] = `
{
  "avatar_url": "https://lh3.googleusercontent.com/a-/AOh14Ggr7Y9aOgJjxHnJgXHATQeo7IJVboYL-_j_ZSnftA=s100",
  "id": "a2751124-6dd3-4292-b02c-3387b1263eee",
  "name": "Rasoul Hesami Rostami",
  "object": "user",
  "person": {
    "email": "h.rostami.r@gmail.com",
  },
  "type": "person",
}
`;

exports[`fetch auth user > should return a user by by returning a fake response 1`] = `
{
  "avatar_url": "https://lh3.googleusercontent.com/a-/AOh14Ggr7Y9aOgJjxHnJgXHATQeo7IJVboYL-_j_ZSnftA=s100",
  "id": "a2751124-6dd3-4292-b02c-3387b1263eee",
  "name": "Rasoul Hesami Rostami",
  "object": "user",
  "person": {
    "email": "h.rostami.r@gmail.com",
  },
  "type": "person",
}
`;

exports[`fetch auth user > should return a user by invok 1`] = `
{
  "avatar_url": "https://lh3.googleusercontent.com/a-/AOh14Ggr7Y9aOgJjxHnJgXHATQeo7IJVboYL-_j_ZSnftA=s100",
  "id": "a2751124-6dd3-4292-b02c-3387b1263eee",
  "name": "Rasoul Hesami Rostami",
  "object": "user",
  "person": {
    "email": "h.rostami.r@gmail.com",
  },
  "type": "person",
}
`;

exports[`fetch auth user > should return a user by invoking a real api call 1`] = `
{
  "avatar_url": "https://lh3.googleusercontent.com/a-/AOh14Ggr7Y9aOgJjxHnJgXHATQeo7IJVboYL-_j_ZSnftA=s100",
  "id": "a2751124-6dd3-4292-b02c-3387b1263eee",
  "name": "Rasoul Hesami Rostami",
  "object": "user",
  "person": {
    "email": "h.rostami.r@gmail.com",
  },
  "type": "person",
}
`;

exports[`fetch auth user > should return a user by invoking mock  api 1`] = `
{
  "avatar_url": "https://lh3.googleusercontent.com/a-/AOh14Ggr7Y9aOgJjxHnJgXHATQeo7IJVboYL-_j_ZSnftA=s100",
  "id": "a2751124-6dd3-4292-b02c-3387b1263eee",
  "name": "Rasoul Hesami Rostami",
  "object": "user",
  "person": {
    "email": "h.rostami.r@gmail.com",
  },
  "type": "person",
}
`;

exports[`fetch auth user > should return a user by invoking mock api 1`] = `
{
  "avatar_url": "https://lh3.googleusercontent.com/a-/AOh14Ggr7Y9aOgJjxHnJgXHATQeo7IJVboYL-_j_ZSnftA=s100",
  "id": "a2751124-6dd3-4292-b02c-3387b1263eee",
  "name": "Rasoul Hesami Rostami",
  "object": "user",
  "person": {
    "email": "h.rostami.r@gmail.com",
  },
  "type": "person",
}
`;

exports[`fetch auth user > should return a user by invoking mock api call 1`] = `
{
  "avatar_url": "https://lh3.googleusercontent.com/a-/AOh14Ggr7Y9aOgJjxHnJgXHATQeo7IJVboYL-_j_ZSnftA=s100",
  "id": "a2751124-6dd3-4292-b02c-3387b1263eee",
  "name": "Rasoul Hesami Rostami",
  "object": "user",
  "person": {
    "email": "h.rostami.r@gmail.com",
  },
  "type": "person",
}
`;

exports[`fetch auth user > should return a user by invoking mock api call 2`] = `
{
  "avatar_url": "https://lh3.googleusercontent.com/a-/AOh14Ggr7Y9aOgJjxHnJgXHATQeo7IJVboYL-_j_ZSnftA=s100",
  "id": "a2751124-6dd3-4292-b02c-3387b1263eee",
  "name": "Rasoul Hesami Rostami",
  "object": "user",
  "person": {
    "email": "h.rostami.r@gmail.com",
  },
  "type": "person",
}
`;

exports[`fetch auth user > should return a user by invoking mock fetch 1`] = `
{
  "avatar_url": "https://lh3.googleusercontent.com/a-/AOh14Ggr7Y9aOgJjxHnJgXHATQeo7IJVboYL-_j_ZSnftA=s100",
  "id": "a2751124-6dd3-4292-b02c-3387b1263eee",
  "name": "Rasoul Hesami Rostami",
  "object": "user",
  "person": {
    "email": "h.rostami.r@gmail.com",
  },
  "type": "person",
}
`;

exports[`fetch auth user > should return a user by mocking  1`] = `
{
  "avatar_url": "https://lh3.googleusercontent.com/a-/AOh14Ggr7Y9aOgJjxHnJgXHATQeo7IJVboYL-_j_ZSnftA=s100",
  "id": "a2751124-6dd3-4292-b02c-3387b1263eee",
  "name": "Rasoul Hesami Rostami",
  "object": "user",
  "person": {
    "email": "h.rostami.r@gmail.com",
  },
  "type": "person",
}
`;

exports[`fetch auth user > should return a user by mocking value 1`] = `
{
  "avatar_url": "https://lh3.googleusercontent.com/a-/AOh14Ggr7Y9aOgJjxHnJgXHATQeo7IJVboYL-_j_ZSnftA=s100",
  "id": "a2751124-6dd3-4292-b02c-3387b1263eee",
  "name": "Rasoul Hesami Rostami",
  "object": "user",
  "person": {
    "email": "h.rostami.r@gmail.com",
  },
  "type": "person",
}
`;

exports[`fetch auth user > should return a user by returning a fake response 1`] = `
{
  "avatar_url": "https://lh3.googleusercontent.com/a-/AOh14Ggr7Y9aOgJjxHnJgXHATQeo7IJVboYL-_j_ZSnftA=s100",
  "id": "a2751124-6dd3-4292-b02c-3387b1263eee",
  "name": "Rasoul Hesami Rostami",
  "object": "user",
  "person": {
    "email": "h.rostami.r@gmail.com",
  },
  "type": "person",
}
`;
